
C:\Git\EPG>cd "C:\Git\EPG" 

C:\Git\EPG>bin\app.exe grab -f "C:\Git\EPG\config" -o "C:\Git\EPG" -l 2 

C:\Git\EPG>git pull 
Already up to date.

C:\Git\EPG>git statuss 

C:\Git\EPG>git add -A 

C:\Git\EPG>git commit -m "Manual update" 
On branch master
Your branch is up to date with 'origin/master'.

Changes not staged for commit:
  (use "git add <file>..." to update what will be committed)
  (use "git restore <file>..." to discard changes in working directory)
	modified:   run.console.log

no changes added to commit (use "git add" and/or "git commit -a")

C:\Git\EPG>git push 
Terminate batch job (Y/N)? 

C:\Git\EPG>git status 
On branch master
Your branch is up to date with 'origin/master'.

Changes not staged for commit:
  (use "git add <file>..." to update what will be committed)
  (use "git restore <file>..." to discard changes in working directory)
	modified:   run.console.log

no changes added to commit (use "git add" and/or "git commit -a")
